python : Traceback (most recent call last):
At line:1 char:36
+ ... g-project ; python -m tests.test_validator > test_output.txt 2>&1 ; G ...
+                 ~~~~~~~~~~~~~~~~~~~~~~~~~~~~~~~~~~~~~~~~~~~~~~~~~~~~~
    + CategoryInfo          : NotSpecified: (Traceback (most recent call last) 
   ::String) [], RemoteException
    + FullyQualifiedErrorId : NativeCommandError
 
  File "<frozen runpy>", line 198, in _run_module_as_main
  File "<frozen runpy>", line 88, in _run_code
  File "E:\kishore\week_8\rag-project\tests\test_validator.py", line 391, in 
<module>
    exit_code = run_tests()
                ^^^^^^^^^^^
  File "E:\kishore\week_8\rag-project\tests\test_validator.py", line 366, in 
run_tests
    print("\U0001f9ea Running RAG Validation System Tests...\n")
  File "C:\Users\KISHORE\AppData\Local\Programs\Python\Python311\Lib\encodings\
cp1252.py", line 19, in encode
    return codecs.charmap_encode(input,self.errors,encoding_table)[0]
           ^^^^^^^^^^^^^^^^^^^^^^^^^^^^^^^^^^^^^^^^^^^^^^^^^^^^^^^
UnicodeEncodeError: 'charmap' codec can't encode character '\U0001f9ea' in 
position 0: character maps to <undefined>
